// Vitest Snapshot v1

exports[`snapshots > Readner Default components 1`] = `
<section
  class="_prefectures-content_4162h_8"
>
  <div
    class="_prefectures-content__controller_4162h_15"
  >
    <h2
      class="_heading_apj7y_1 _heading--size-xl_apj7y_16"
    >
      都道府県
    </h2>
    <ul
      class="_prefectures-selecter_gpygm_1"
    >
      <li>
        <label
          class="_checkbox_qo6px_1"
          for="item0"
        >
          <input
            checked=""
            class="_checkbox__input_qo6px_10"
            id="item0"
            type="checkbox"
            value="1"
          />
          <span
            class="_checkbox__box_qo6px_19 "
            style="background-color: rgb(91, 33, 182); border-color: #5b21b6;"
          >
            <span
              class="_checkbox__check_qo6px_29"
            />
          </span>
          <span
            class="_checkbox__label_qo6px_40 _checkbox__label--checked_qo6px_47"
          >
            北海道
          </span>
        </label>
      </li>
      <li>
        <label
          class="_checkbox_qo6px_1"
          for="item1"
        >
          <input
            class="_checkbox__input_qo6px_10"
            id="item1"
            type="checkbox"
            value="2"
          />
          <span
            class="_checkbox__box_qo6px_19 "
          >
            <span
              class="_checkbox__check_qo6px_29"
            />
          </span>
          <span
            class="_checkbox__label_qo6px_40 "
          >
            青森県
          </span>
        </label>
      </li>
      <li>
        <label
          class="_checkbox_qo6px_1"
          for="item2"
        >
          <input
            class="_checkbox__input_qo6px_10"
            id="item2"
            type="checkbox"
            value="3"
          />
          <span
            class="_checkbox__box_qo6px_19 "
          >
            <span
              class="_checkbox__check_qo6px_29"
            />
          </span>
          <span
            class="_checkbox__label_qo6px_40 "
          >
            岩手県
          </span>
        </label>
      </li>
      <li>
        <label
          class="_checkbox_qo6px_1"
          for="item3"
        >
          <input
            class="_checkbox__input_qo6px_10"
            id="item3"
            type="checkbox"
            value="4"
          />
          <span
            class="_checkbox__box_qo6px_19 "
          >
            <span
              class="_checkbox__check_qo6px_29"
            />
          </span>
          <span
            class="_checkbox__label_qo6px_40 "
          >
            宮城県
          </span>
        </label>
      </li>
      <li>
        <label
          class="_checkbox_qo6px_1"
          for="item4"
        >
          <input
            class="_checkbox__input_qo6px_10"
            id="item4"
            type="checkbox"
            value="5"
          />
          <span
            class="_checkbox__box_qo6px_19 "
          >
            <span
              class="_checkbox__check_qo6px_29"
            />
          </span>
          <span
            class="_checkbox__label_qo6px_40 "
          >
            秋田県
          </span>
        </label>
      </li>
      <li>
        <label
          class="_checkbox_qo6px_1"
          for="item5"
        >
          <input
            class="_checkbox__input_qo6px_10"
            id="item5"
            type="checkbox"
            value="6"
          />
          <span
            class="_checkbox__box_qo6px_19 "
          >
            <span
              class="_checkbox__check_qo6px_29"
            />
          </span>
          <span
            class="_checkbox__label_qo6px_40 "
          >
            山形県
          </span>
        </label>
      </li>
      <li>
        <label
          class="_checkbox_qo6px_1"
          for="item6"
        >
          <input
            class="_checkbox__input_qo6px_10"
            id="item6"
            type="checkbox"
            value="7"
          />
          <span
            class="_checkbox__box_qo6px_19 "
          >
            <span
              class="_checkbox__check_qo6px_29"
            />
          </span>
          <span
            class="_checkbox__label_qo6px_40 "
          >
            福島県
          </span>
        </label>
      </li>
      <li>
        <label
          class="_checkbox_qo6px_1"
          for="item7"
        >
          <input
            class="_checkbox__input_qo6px_10"
            id="item7"
            type="checkbox"
            value="8"
          />
          <span
            class="_checkbox__box_qo6px_19 "
          >
            <span
              class="_checkbox__check_qo6px_29"
            />
          </span>
          <span
            class="_checkbox__label_qo6px_40 "
          >
            茨城県
          </span>
        </label>
      </li>
      <li>
        <label
          class="_checkbox_qo6px_1"
          for="item8"
        >
          <input
            class="_checkbox__input_qo6px_10"
            id="item8"
            type="checkbox"
            value="9"
          />
          <span
            class="_checkbox__box_qo6px_19 "
          >
            <span
              class="_checkbox__check_qo6px_29"
            />
          </span>
          <span
            class="_checkbox__label_qo6px_40 "
          >
            栃木県
          </span>
        </label>
      </li>
      <li>
        <label
          class="_checkbox_qo6px_1"
          for="item9"
        >
          <input
            class="_checkbox__input_qo6px_10"
            id="item9"
            type="checkbox"
            value="10"
          />
          <span
            class="_checkbox__box_qo6px_19 "
          >
            <span
              class="_checkbox__check_qo6px_29"
            />
          </span>
          <span
            class="_checkbox__label_qo6px_40 "
          >
            群馬県
          </span>
        </label>
      </li>
      <li>
        <label
          class="_checkbox_qo6px_1"
          for="item10"
        >
          <input
            class="_checkbox__input_qo6px_10"
            id="item10"
            type="checkbox"
            value="11"
          />
          <span
            class="_checkbox__box_qo6px_19 "
          >
            <span
              class="_checkbox__check_qo6px_29"
            />
          </span>
          <span
            class="_checkbox__label_qo6px_40 "
          >
            埼玉県
          </span>
        </label>
      </li>
      <li>
        <label
          class="_checkbox_qo6px_1"
          for="item11"
        >
          <input
            class="_checkbox__input_qo6px_10"
            id="item11"
            type="checkbox"
            value="12"
          />
          <span
            class="_checkbox__box_qo6px_19 "
          >
            <span
              class="_checkbox__check_qo6px_29"
            />
          </span>
          <span
            class="_checkbox__label_qo6px_40 "
          >
            千葉県
          </span>
        </label>
      </li>
      <li>
        <label
          class="_checkbox_qo6px_1"
          for="item12"
        >
          <input
            class="_checkbox__input_qo6px_10"
            id="item12"
            type="checkbox"
            value="13"
          />
          <span
            class="_checkbox__box_qo6px_19 "
          >
            <span
              class="_checkbox__check_qo6px_29"
            />
          </span>
          <span
            class="_checkbox__label_qo6px_40 "
          >
            東京都
          </span>
        </label>
      </li>
      <li>
        <label
          class="_checkbox_qo6px_1"
          for="item13"
        >
          <input
            class="_checkbox__input_qo6px_10"
            id="item13"
            type="checkbox"
            value="14"
          />
          <span
            class="_checkbox__box_qo6px_19 "
          >
            <span
              class="_checkbox__check_qo6px_29"
            />
          </span>
          <span
            class="_checkbox__label_qo6px_40 "
          >
            神奈川県
          </span>
        </label>
      </li>
      <li>
        <label
          class="_checkbox_qo6px_1"
          for="item14"
        >
          <input
            class="_checkbox__input_qo6px_10"
            id="item14"
            type="checkbox"
            value="15"
          />
          <span
            class="_checkbox__box_qo6px_19 "
          >
            <span
              class="_checkbox__check_qo6px_29"
            />
          </span>
          <span
            class="_checkbox__label_qo6px_40 "
          >
            新潟県
          </span>
        </label>
      </li>
      <li>
        <label
          class="_checkbox_qo6px_1"
          for="item15"
        >
          <input
            class="_checkbox__input_qo6px_10"
            id="item15"
            type="checkbox"
            value="16"
          />
          <span
            class="_checkbox__box_qo6px_19 "
          >
            <span
              class="_checkbox__check_qo6px_29"
            />
          </span>
          <span
            class="_checkbox__label_qo6px_40 "
          >
            富山県
          </span>
        </label>
      </li>
      <li>
        <label
          class="_checkbox_qo6px_1"
          for="item16"
        >
          <input
            class="_checkbox__input_qo6px_10"
            id="item16"
            type="checkbox"
            value="17"
          />
          <span
            class="_checkbox__box_qo6px_19 "
          >
            <span
              class="_checkbox__check_qo6px_29"
            />
          </span>
          <span
            class="_checkbox__label_qo6px_40 "
          >
            石川県
          </span>
        </label>
      </li>
      <li>
        <label
          class="_checkbox_qo6px_1"
          for="item17"
        >
          <input
            class="_checkbox__input_qo6px_10"
            id="item17"
            type="checkbox"
            value="18"
          />
          <span
            class="_checkbox__box_qo6px_19 "
          >
            <span
              class="_checkbox__check_qo6px_29"
            />
          </span>
          <span
            class="_checkbox__label_qo6px_40 "
          >
            福井県
          </span>
        </label>
      </li>
      <li>
        <label
          class="_checkbox_qo6px_1"
          for="item18"
        >
          <input
            class="_checkbox__input_qo6px_10"
            id="item18"
            type="checkbox"
            value="19"
          />
          <span
            class="_checkbox__box_qo6px_19 "
          >
            <span
              class="_checkbox__check_qo6px_29"
            />
          </span>
          <span
            class="_checkbox__label_qo6px_40 "
          >
            山梨県
          </span>
        </label>
      </li>
      <li>
        <label
          class="_checkbox_qo6px_1"
          for="item19"
        >
          <input
            class="_checkbox__input_qo6px_10"
            id="item19"
            type="checkbox"
            value="20"
          />
          <span
            class="_checkbox__box_qo6px_19 "
          >
            <span
              class="_checkbox__check_qo6px_29"
            />
          </span>
          <span
            class="_checkbox__label_qo6px_40 "
          >
            長野県
          </span>
        </label>
      </li>
      <li>
        <label
          class="_checkbox_qo6px_1"
          for="item20"
        >
          <input
            class="_checkbox__input_qo6px_10"
            id="item20"
            type="checkbox"
            value="21"
          />
          <span
            class="_checkbox__box_qo6px_19 "
          >
            <span
              class="_checkbox__check_qo6px_29"
            />
          </span>
          <span
            class="_checkbox__label_qo6px_40 "
          >
            岐阜県
          </span>
        </label>
      </li>
      <li>
        <label
          class="_checkbox_qo6px_1"
          for="item21"
        >
          <input
            class="_checkbox__input_qo6px_10"
            id="item21"
            type="checkbox"
            value="22"
          />
          <span
            class="_checkbox__box_qo6px_19 "
          >
            <span
              class="_checkbox__check_qo6px_29"
            />
          </span>
          <span
            class="_checkbox__label_qo6px_40 "
          >
            静岡県
          </span>
        </label>
      </li>
      <li>
        <label
          class="_checkbox_qo6px_1"
          for="item22"
        >
          <input
            class="_checkbox__input_qo6px_10"
            id="item22"
            type="checkbox"
            value="23"
          />
          <span
            class="_checkbox__box_qo6px_19 "
          >
            <span
              class="_checkbox__check_qo6px_29"
            />
          </span>
          <span
            class="_checkbox__label_qo6px_40 "
          >
            愛知県
          </span>
        </label>
      </li>
      <li>
        <label
          class="_checkbox_qo6px_1"
          for="item23"
        >
          <input
            class="_checkbox__input_qo6px_10"
            id="item23"
            type="checkbox"
            value="24"
          />
          <span
            class="_checkbox__box_qo6px_19 "
          >
            <span
              class="_checkbox__check_qo6px_29"
            />
          </span>
          <span
            class="_checkbox__label_qo6px_40 "
          >
            三重県
          </span>
        </label>
      </li>
      <li>
        <label
          class="_checkbox_qo6px_1"
          for="item24"
        >
          <input
            class="_checkbox__input_qo6px_10"
            id="item24"
            type="checkbox"
            value="25"
          />
          <span
            class="_checkbox__box_qo6px_19 "
          >
            <span
              class="_checkbox__check_qo6px_29"
            />
          </span>
          <span
            class="_checkbox__label_qo6px_40 "
          >
            滋賀県
          </span>
        </label>
      </li>
      <li>
        <label
          class="_checkbox_qo6px_1"
          for="item25"
        >
          <input
            class="_checkbox__input_qo6px_10"
            id="item25"
            type="checkbox"
            value="26"
          />
          <span
            class="_checkbox__box_qo6px_19 "
          >
            <span
              class="_checkbox__check_qo6px_29"
            />
          </span>
          <span
            class="_checkbox__label_qo6px_40 "
          >
            京都府
          </span>
        </label>
      </li>
      <li>
        <label
          class="_checkbox_qo6px_1"
          for="item26"
        >
          <input
            class="_checkbox__input_qo6px_10"
            id="item26"
            type="checkbox"
            value="27"
          />
          <span
            class="_checkbox__box_qo6px_19 "
          >
            <span
              class="_checkbox__check_qo6px_29"
            />
          </span>
          <span
            class="_checkbox__label_qo6px_40 "
          >
            大阪府
          </span>
        </label>
      </li>
      <li>
        <label
          class="_checkbox_qo6px_1"
          for="item27"
        >
          <input
            class="_checkbox__input_qo6px_10"
            id="item27"
            type="checkbox"
            value="28"
          />
          <span
            class="_checkbox__box_qo6px_19 "
          >
            <span
              class="_checkbox__check_qo6px_29"
            />
          </span>
          <span
            class="_checkbox__label_qo6px_40 "
          >
            兵庫県
          </span>
        </label>
      </li>
      <li>
        <label
          class="_checkbox_qo6px_1"
          for="item28"
        >
          <input
            class="_checkbox__input_qo6px_10"
            id="item28"
            type="checkbox"
            value="29"
          />
          <span
            class="_checkbox__box_qo6px_19 "
          >
            <span
              class="_checkbox__check_qo6px_29"
            />
          </span>
          <span
            class="_checkbox__label_qo6px_40 "
          >
            奈良県
          </span>
        </label>
      </li>
      <li>
        <label
          class="_checkbox_qo6px_1"
          for="item29"
        >
          <input
            class="_checkbox__input_qo6px_10"
            id="item29"
            type="checkbox"
            value="30"
          />
          <span
            class="_checkbox__box_qo6px_19 "
          >
            <span
              class="_checkbox__check_qo6px_29"
            />
          </span>
          <span
            class="_checkbox__label_qo6px_40 "
          >
            和歌山県
          </span>
        </label>
      </li>
      <li>
        <label
          class="_checkbox_qo6px_1"
          for="item30"
        >
          <input
            class="_checkbox__input_qo6px_10"
            id="item30"
            type="checkbox"
            value="31"
          />
          <span
            class="_checkbox__box_qo6px_19 "
          >
            <span
              class="_checkbox__check_qo6px_29"
            />
          </span>
          <span
            class="_checkbox__label_qo6px_40 "
          >
            鳥取県
          </span>
        </label>
      </li>
      <li>
        <label
          class="_checkbox_qo6px_1"
          for="item31"
        >
          <input
            class="_checkbox__input_qo6px_10"
            id="item31"
            type="checkbox"
            value="32"
          />
          <span
            class="_checkbox__box_qo6px_19 "
          >
            <span
              class="_checkbox__check_qo6px_29"
            />
          </span>
          <span
            class="_checkbox__label_qo6px_40 "
          >
            島根県
          </span>
        </label>
      </li>
      <li>
        <label
          class="_checkbox_qo6px_1"
          for="item32"
        >
          <input
            class="_checkbox__input_qo6px_10"
            id="item32"
            type="checkbox"
            value="33"
          />
          <span
            class="_checkbox__box_qo6px_19 "
          >
            <span
              class="_checkbox__check_qo6px_29"
            />
          </span>
          <span
            class="_checkbox__label_qo6px_40 "
          >
            岡山県
          </span>
        </label>
      </li>
      <li>
        <label
          class="_checkbox_qo6px_1"
          for="item33"
        >
          <input
            class="_checkbox__input_qo6px_10"
            id="item33"
            type="checkbox"
            value="34"
          />
          <span
            class="_checkbox__box_qo6px_19 "
          >
            <span
              class="_checkbox__check_qo6px_29"
            />
          </span>
          <span
            class="_checkbox__label_qo6px_40 "
          >
            広島県
          </span>
        </label>
      </li>
      <li>
        <label
          class="_checkbox_qo6px_1"
          for="item34"
        >
          <input
            class="_checkbox__input_qo6px_10"
            id="item34"
            type="checkbox"
            value="35"
          />
          <span
            class="_checkbox__box_qo6px_19 "
          >
            <span
              class="_checkbox__check_qo6px_29"
            />
          </span>
          <span
            class="_checkbox__label_qo6px_40 "
          >
            山口県
          </span>
        </label>
      </li>
      <li>
        <label
          class="_checkbox_qo6px_1"
          for="item35"
        >
          <input
            class="_checkbox__input_qo6px_10"
            id="item35"
            type="checkbox"
            value="36"
          />
          <span
            class="_checkbox__box_qo6px_19 "
          >
            <span
              class="_checkbox__check_qo6px_29"
            />
          </span>
          <span
            class="_checkbox__label_qo6px_40 "
          >
            徳島県
          </span>
        </label>
      </li>
      <li>
        <label
          class="_checkbox_qo6px_1"
          for="item36"
        >
          <input
            class="_checkbox__input_qo6px_10"
            id="item36"
            type="checkbox"
            value="37"
          />
          <span
            class="_checkbox__box_qo6px_19 "
          >
            <span
              class="_checkbox__check_qo6px_29"
            />
          </span>
          <span
            class="_checkbox__label_qo6px_40 "
          >
            香川県
          </span>
        </label>
      </li>
      <li>
        <label
          class="_checkbox_qo6px_1"
          for="item37"
        >
          <input
            class="_checkbox__input_qo6px_10"
            id="item37"
            type="checkbox"
            value="38"
          />
          <span
            class="_checkbox__box_qo6px_19 "
          >
            <span
              class="_checkbox__check_qo6px_29"
            />
          </span>
          <span
            class="_checkbox__label_qo6px_40 "
          >
            愛媛県
          </span>
        </label>
      </li>
      <li>
        <label
          class="_checkbox_qo6px_1"
          for="item38"
        >
          <input
            class="_checkbox__input_qo6px_10"
            id="item38"
            type="checkbox"
            value="39"
          />
          <span
            class="_checkbox__box_qo6px_19 "
          >
            <span
              class="_checkbox__check_qo6px_29"
            />
          </span>
          <span
            class="_checkbox__label_qo6px_40 "
          >
            高知県
          </span>
        </label>
      </li>
      <li>
        <label
          class="_checkbox_qo6px_1"
          for="item39"
        >
          <input
            class="_checkbox__input_qo6px_10"
            id="item39"
            type="checkbox"
            value="40"
          />
          <span
            class="_checkbox__box_qo6px_19 "
          >
            <span
              class="_checkbox__check_qo6px_29"
            />
          </span>
          <span
            class="_checkbox__label_qo6px_40 "
          >
            福岡県
          </span>
        </label>
      </li>
      <li>
        <label
          class="_checkbox_qo6px_1"
          for="item40"
        >
          <input
            class="_checkbox__input_qo6px_10"
            id="item40"
            type="checkbox"
            value="41"
          />
          <span
            class="_checkbox__box_qo6px_19 "
          >
            <span
              class="_checkbox__check_qo6px_29"
            />
          </span>
          <span
            class="_checkbox__label_qo6px_40 "
          >
            佐賀県
          </span>
        </label>
      </li>
      <li>
        <label
          class="_checkbox_qo6px_1"
          for="item41"
        >
          <input
            class="_checkbox__input_qo6px_10"
            id="item41"
            type="checkbox"
            value="42"
          />
          <span
            class="_checkbox__box_qo6px_19 "
          >
            <span
              class="_checkbox__check_qo6px_29"
            />
          </span>
          <span
            class="_checkbox__label_qo6px_40 "
          >
            長崎県
          </span>
        </label>
      </li>
      <li>
        <label
          class="_checkbox_qo6px_1"
          for="item42"
        >
          <input
            class="_checkbox__input_qo6px_10"
            id="item42"
            type="checkbox"
            value="43"
          />
          <span
            class="_checkbox__box_qo6px_19 "
          >
            <span
              class="_checkbox__check_qo6px_29"
            />
          </span>
          <span
            class="_checkbox__label_qo6px_40 "
          >
            熊本県
          </span>
        </label>
      </li>
      <li>
        <label
          class="_checkbox_qo6px_1"
          for="item43"
        >
          <input
            class="_checkbox__input_qo6px_10"
            id="item43"
            type="checkbox"
            value="44"
          />
          <span
            class="_checkbox__box_qo6px_19 "
          >
            <span
              class="_checkbox__check_qo6px_29"
            />
          </span>
          <span
            class="_checkbox__label_qo6px_40 "
          >
            大分県
          </span>
        </label>
      </li>
      <li>
        <label
          class="_checkbox_qo6px_1"
          for="item44"
        >
          <input
            class="_checkbox__input_qo6px_10"
            id="item44"
            type="checkbox"
            value="45"
          />
          <span
            class="_checkbox__box_qo6px_19 "
          >
            <span
              class="_checkbox__check_qo6px_29"
            />
          </span>
          <span
            class="_checkbox__label_qo6px_40 "
          >
            宮崎県
          </span>
        </label>
      </li>
      <li>
        <label
          class="_checkbox_qo6px_1"
          for="item45"
        >
          <input
            class="_checkbox__input_qo6px_10"
            id="item45"
            type="checkbox"
            value="46"
          />
          <span
            class="_checkbox__box_qo6px_19 "
          >
            <span
              class="_checkbox__check_qo6px_29"
            />
          </span>
          <span
            class="_checkbox__label_qo6px_40 "
          >
            鹿児島県
          </span>
        </label>
      </li>
      <li>
        <label
          class="_checkbox_qo6px_1"
          for="item46"
        >
          <input
            class="_checkbox__input_qo6px_10"
            id="item46"
            type="checkbox"
            value="47"
          />
          <span
            class="_checkbox__box_qo6px_19 "
          >
            <span
              class="_checkbox__check_qo6px_29"
            />
          </span>
          <span
            class="_checkbox__label_qo6px_40 "
          >
            沖縄県
          </span>
        </label>
      </li>
    </ul>
  </div>
  <div>
    <div
      class="_error-content_rl669_1"
    >
      読み込みに失敗しました。
      <br />
      更新をお試しください。
    </div>
  </div>
</section>
`;

exports[`snapshots > Readner Error components 1`] = `
<section
  class="_prefectures-content_4162h_8"
>
  <div
    class="_prefectures-content__controller_4162h_15"
  >
    <h2
      class="_heading_apj7y_1 _heading--size-xl_apj7y_16"
    >
      都道府県
    </h2>
    <ul
      class="_prefectures-selecter_gpygm_1"
    >
      <li>
        <label
          class="_checkbox_qo6px_1"
          for="item0"
        >
          <input
            checked=""
            class="_checkbox__input_qo6px_10"
            id="item0"
            type="checkbox"
            value="1"
          />
          <span
            class="_checkbox__box_qo6px_19 "
            style="background-color: rgb(91, 33, 182); border-color: #5b21b6;"
          >
            <span
              class="_checkbox__check_qo6px_29"
            />
          </span>
          <span
            class="_checkbox__label_qo6px_40 _checkbox__label--checked_qo6px_47"
          >
            北海道
          </span>
        </label>
      </li>
      <li>
        <label
          class="_checkbox_qo6px_1"
          for="item1"
        >
          <input
            class="_checkbox__input_qo6px_10"
            id="item1"
            type="checkbox"
            value="2"
          />
          <span
            class="_checkbox__box_qo6px_19 "
          >
            <span
              class="_checkbox__check_qo6px_29"
            />
          </span>
          <span
            class="_checkbox__label_qo6px_40 "
          >
            青森県
          </span>
        </label>
      </li>
      <li>
        <label
          class="_checkbox_qo6px_1"
          for="item2"
        >
          <input
            class="_checkbox__input_qo6px_10"
            id="item2"
            type="checkbox"
            value="3"
          />
          <span
            class="_checkbox__box_qo6px_19 "
          >
            <span
              class="_checkbox__check_qo6px_29"
            />
          </span>
          <span
            class="_checkbox__label_qo6px_40 "
          >
            岩手県
          </span>
        </label>
      </li>
      <li>
        <label
          class="_checkbox_qo6px_1"
          for="item3"
        >
          <input
            class="_checkbox__input_qo6px_10"
            id="item3"
            type="checkbox"
            value="4"
          />
          <span
            class="_checkbox__box_qo6px_19 "
          >
            <span
              class="_checkbox__check_qo6px_29"
            />
          </span>
          <span
            class="_checkbox__label_qo6px_40 "
          >
            宮城県
          </span>
        </label>
      </li>
      <li>
        <label
          class="_checkbox_qo6px_1"
          for="item4"
        >
          <input
            class="_checkbox__input_qo6px_10"
            id="item4"
            type="checkbox"
            value="5"
          />
          <span
            class="_checkbox__box_qo6px_19 "
          >
            <span
              class="_checkbox__check_qo6px_29"
            />
          </span>
          <span
            class="_checkbox__label_qo6px_40 "
          >
            秋田県
          </span>
        </label>
      </li>
      <li>
        <label
          class="_checkbox_qo6px_1"
          for="item5"
        >
          <input
            class="_checkbox__input_qo6px_10"
            id="item5"
            type="checkbox"
            value="6"
          />
          <span
            class="_checkbox__box_qo6px_19 "
          >
            <span
              class="_checkbox__check_qo6px_29"
            />
          </span>
          <span
            class="_checkbox__label_qo6px_40 "
          >
            山形県
          </span>
        </label>
      </li>
      <li>
        <label
          class="_checkbox_qo6px_1"
          for="item6"
        >
          <input
            class="_checkbox__input_qo6px_10"
            id="item6"
            type="checkbox"
            value="7"
          />
          <span
            class="_checkbox__box_qo6px_19 "
          >
            <span
              class="_checkbox__check_qo6px_29"
            />
          </span>
          <span
            class="_checkbox__label_qo6px_40 "
          >
            福島県
          </span>
        </label>
      </li>
      <li>
        <label
          class="_checkbox_qo6px_1"
          for="item7"
        >
          <input
            class="_checkbox__input_qo6px_10"
            id="item7"
            type="checkbox"
            value="8"
          />
          <span
            class="_checkbox__box_qo6px_19 "
          >
            <span
              class="_checkbox__check_qo6px_29"
            />
          </span>
          <span
            class="_checkbox__label_qo6px_40 "
          >
            茨城県
          </span>
        </label>
      </li>
      <li>
        <label
          class="_checkbox_qo6px_1"
          for="item8"
        >
          <input
            class="_checkbox__input_qo6px_10"
            id="item8"
            type="checkbox"
            value="9"
          />
          <span
            class="_checkbox__box_qo6px_19 "
          >
            <span
              class="_checkbox__check_qo6px_29"
            />
          </span>
          <span
            class="_checkbox__label_qo6px_40 "
          >
            栃木県
          </span>
        </label>
      </li>
      <li>
        <label
          class="_checkbox_qo6px_1"
          for="item9"
        >
          <input
            class="_checkbox__input_qo6px_10"
            id="item9"
            type="checkbox"
            value="10"
          />
          <span
            class="_checkbox__box_qo6px_19 "
          >
            <span
              class="_checkbox__check_qo6px_29"
            />
          </span>
          <span
            class="_checkbox__label_qo6px_40 "
          >
            群馬県
          </span>
        </label>
      </li>
      <li>
        <label
          class="_checkbox_qo6px_1"
          for="item10"
        >
          <input
            class="_checkbox__input_qo6px_10"
            id="item10"
            type="checkbox"
            value="11"
          />
          <span
            class="_checkbox__box_qo6px_19 "
          >
            <span
              class="_checkbox__check_qo6px_29"
            />
          </span>
          <span
            class="_checkbox__label_qo6px_40 "
          >
            埼玉県
          </span>
        </label>
      </li>
      <li>
        <label
          class="_checkbox_qo6px_1"
          for="item11"
        >
          <input
            class="_checkbox__input_qo6px_10"
            id="item11"
            type="checkbox"
            value="12"
          />
          <span
            class="_checkbox__box_qo6px_19 "
          >
            <span
              class="_checkbox__check_qo6px_29"
            />
          </span>
          <span
            class="_checkbox__label_qo6px_40 "
          >
            千葉県
          </span>
        </label>
      </li>
      <li>
        <label
          class="_checkbox_qo6px_1"
          for="item12"
        >
          <input
            class="_checkbox__input_qo6px_10"
            id="item12"
            type="checkbox"
            value="13"
          />
          <span
            class="_checkbox__box_qo6px_19 "
          >
            <span
              class="_checkbox__check_qo6px_29"
            />
          </span>
          <span
            class="_checkbox__label_qo6px_40 "
          >
            東京都
          </span>
        </label>
      </li>
      <li>
        <label
          class="_checkbox_qo6px_1"
          for="item13"
        >
          <input
            class="_checkbox__input_qo6px_10"
            id="item13"
            type="checkbox"
            value="14"
          />
          <span
            class="_checkbox__box_qo6px_19 "
          >
            <span
              class="_checkbox__check_qo6px_29"
            />
          </span>
          <span
            class="_checkbox__label_qo6px_40 "
          >
            神奈川県
          </span>
        </label>
      </li>
      <li>
        <label
          class="_checkbox_qo6px_1"
          for="item14"
        >
          <input
            class="_checkbox__input_qo6px_10"
            id="item14"
            type="checkbox"
            value="15"
          />
          <span
            class="_checkbox__box_qo6px_19 "
          >
            <span
              class="_checkbox__check_qo6px_29"
            />
          </span>
          <span
            class="_checkbox__label_qo6px_40 "
          >
            新潟県
          </span>
        </label>
      </li>
      <li>
        <label
          class="_checkbox_qo6px_1"
          for="item15"
        >
          <input
            class="_checkbox__input_qo6px_10"
            id="item15"
            type="checkbox"
            value="16"
          />
          <span
            class="_checkbox__box_qo6px_19 "
          >
            <span
              class="_checkbox__check_qo6px_29"
            />
          </span>
          <span
            class="_checkbox__label_qo6px_40 "
          >
            富山県
          </span>
        </label>
      </li>
      <li>
        <label
          class="_checkbox_qo6px_1"
          for="item16"
        >
          <input
            class="_checkbox__input_qo6px_10"
            id="item16"
            type="checkbox"
            value="17"
          />
          <span
            class="_checkbox__box_qo6px_19 "
          >
            <span
              class="_checkbox__check_qo6px_29"
            />
          </span>
          <span
            class="_checkbox__label_qo6px_40 "
          >
            石川県
          </span>
        </label>
      </li>
      <li>
        <label
          class="_checkbox_qo6px_1"
          for="item17"
        >
          <input
            class="_checkbox__input_qo6px_10"
            id="item17"
            type="checkbox"
            value="18"
          />
          <span
            class="_checkbox__box_qo6px_19 "
          >
            <span
              class="_checkbox__check_qo6px_29"
            />
          </span>
          <span
            class="_checkbox__label_qo6px_40 "
          >
            福井県
          </span>
        </label>
      </li>
      <li>
        <label
          class="_checkbox_qo6px_1"
          for="item18"
        >
          <input
            class="_checkbox__input_qo6px_10"
            id="item18"
            type="checkbox"
            value="19"
          />
          <span
            class="_checkbox__box_qo6px_19 "
          >
            <span
              class="_checkbox__check_qo6px_29"
            />
          </span>
          <span
            class="_checkbox__label_qo6px_40 "
          >
            山梨県
          </span>
        </label>
      </li>
      <li>
        <label
          class="_checkbox_qo6px_1"
          for="item19"
        >
          <input
            class="_checkbox__input_qo6px_10"
            id="item19"
            type="checkbox"
            value="20"
          />
          <span
            class="_checkbox__box_qo6px_19 "
          >
            <span
              class="_checkbox__check_qo6px_29"
            />
          </span>
          <span
            class="_checkbox__label_qo6px_40 "
          >
            長野県
          </span>
        </label>
      </li>
      <li>
        <label
          class="_checkbox_qo6px_1"
          for="item20"
        >
          <input
            class="_checkbox__input_qo6px_10"
            id="item20"
            type="checkbox"
            value="21"
          />
          <span
            class="_checkbox__box_qo6px_19 "
          >
            <span
              class="_checkbox__check_qo6px_29"
            />
          </span>
          <span
            class="_checkbox__label_qo6px_40 "
          >
            岐阜県
          </span>
        </label>
      </li>
      <li>
        <label
          class="_checkbox_qo6px_1"
          for="item21"
        >
          <input
            class="_checkbox__input_qo6px_10"
            id="item21"
            type="checkbox"
            value="22"
          />
          <span
            class="_checkbox__box_qo6px_19 "
          >
            <span
              class="_checkbox__check_qo6px_29"
            />
          </span>
          <span
            class="_checkbox__label_qo6px_40 "
          >
            静岡県
          </span>
        </label>
      </li>
      <li>
        <label
          class="_checkbox_qo6px_1"
          for="item22"
        >
          <input
            class="_checkbox__input_qo6px_10"
            id="item22"
            type="checkbox"
            value="23"
          />
          <span
            class="_checkbox__box_qo6px_19 "
          >
            <span
              class="_checkbox__check_qo6px_29"
            />
          </span>
          <span
            class="_checkbox__label_qo6px_40 "
          >
            愛知県
          </span>
        </label>
      </li>
      <li>
        <label
          class="_checkbox_qo6px_1"
          for="item23"
        >
          <input
            class="_checkbox__input_qo6px_10"
            id="item23"
            type="checkbox"
            value="24"
          />
          <span
            class="_checkbox__box_qo6px_19 "
          >
            <span
              class="_checkbox__check_qo6px_29"
            />
          </span>
          <span
            class="_checkbox__label_qo6px_40 "
          >
            三重県
          </span>
        </label>
      </li>
      <li>
        <label
          class="_checkbox_qo6px_1"
          for="item24"
        >
          <input
            class="_checkbox__input_qo6px_10"
            id="item24"
            type="checkbox"
            value="25"
          />
          <span
            class="_checkbox__box_qo6px_19 "
          >
            <span
              class="_checkbox__check_qo6px_29"
            />
          </span>
          <span
            class="_checkbox__label_qo6px_40 "
          >
            滋賀県
          </span>
        </label>
      </li>
      <li>
        <label
          class="_checkbox_qo6px_1"
          for="item25"
        >
          <input
            class="_checkbox__input_qo6px_10"
            id="item25"
            type="checkbox"
            value="26"
          />
          <span
            class="_checkbox__box_qo6px_19 "
          >
            <span
              class="_checkbox__check_qo6px_29"
            />
          </span>
          <span
            class="_checkbox__label_qo6px_40 "
          >
            京都府
          </span>
        </label>
      </li>
      <li>
        <label
          class="_checkbox_qo6px_1"
          for="item26"
        >
          <input
            class="_checkbox__input_qo6px_10"
            id="item26"
            type="checkbox"
            value="27"
          />
          <span
            class="_checkbox__box_qo6px_19 "
          >
            <span
              class="_checkbox__check_qo6px_29"
            />
          </span>
          <span
            class="_checkbox__label_qo6px_40 "
          >
            大阪府
          </span>
        </label>
      </li>
      <li>
        <label
          class="_checkbox_qo6px_1"
          for="item27"
        >
          <input
            class="_checkbox__input_qo6px_10"
            id="item27"
            type="checkbox"
            value="28"
          />
          <span
            class="_checkbox__box_qo6px_19 "
          >
            <span
              class="_checkbox__check_qo6px_29"
            />
          </span>
          <span
            class="_checkbox__label_qo6px_40 "
          >
            兵庫県
          </span>
        </label>
      </li>
      <li>
        <label
          class="_checkbox_qo6px_1"
          for="item28"
        >
          <input
            class="_checkbox__input_qo6px_10"
            id="item28"
            type="checkbox"
            value="29"
          />
          <span
            class="_checkbox__box_qo6px_19 "
          >
            <span
              class="_checkbox__check_qo6px_29"
            />
          </span>
          <span
            class="_checkbox__label_qo6px_40 "
          >
            奈良県
          </span>
        </label>
      </li>
      <li>
        <label
          class="_checkbox_qo6px_1"
          for="item29"
        >
          <input
            class="_checkbox__input_qo6px_10"
            id="item29"
            type="checkbox"
            value="30"
          />
          <span
            class="_checkbox__box_qo6px_19 "
          >
            <span
              class="_checkbox__check_qo6px_29"
            />
          </span>
          <span
            class="_checkbox__label_qo6px_40 "
          >
            和歌山県
          </span>
        </label>
      </li>
      <li>
        <label
          class="_checkbox_qo6px_1"
          for="item30"
        >
          <input
            class="_checkbox__input_qo6px_10"
            id="item30"
            type="checkbox"
            value="31"
          />
          <span
            class="_checkbox__box_qo6px_19 "
          >
            <span
              class="_checkbox__check_qo6px_29"
            />
          </span>
          <span
            class="_checkbox__label_qo6px_40 "
          >
            鳥取県
          </span>
        </label>
      </li>
      <li>
        <label
          class="_checkbox_qo6px_1"
          for="item31"
        >
          <input
            class="_checkbox__input_qo6px_10"
            id="item31"
            type="checkbox"
            value="32"
          />
          <span
            class="_checkbox__box_qo6px_19 "
          >
            <span
              class="_checkbox__check_qo6px_29"
            />
          </span>
          <span
            class="_checkbox__label_qo6px_40 "
          >
            島根県
          </span>
        </label>
      </li>
      <li>
        <label
          class="_checkbox_qo6px_1"
          for="item32"
        >
          <input
            class="_checkbox__input_qo6px_10"
            id="item32"
            type="checkbox"
            value="33"
          />
          <span
            class="_checkbox__box_qo6px_19 "
          >
            <span
              class="_checkbox__check_qo6px_29"
            />
          </span>
          <span
            class="_checkbox__label_qo6px_40 "
          >
            岡山県
          </span>
        </label>
      </li>
      <li>
        <label
          class="_checkbox_qo6px_1"
          for="item33"
        >
          <input
            class="_checkbox__input_qo6px_10"
            id="item33"
            type="checkbox"
            value="34"
          />
          <span
            class="_checkbox__box_qo6px_19 "
          >
            <span
              class="_checkbox__check_qo6px_29"
            />
          </span>
          <span
            class="_checkbox__label_qo6px_40 "
          >
            広島県
          </span>
        </label>
      </li>
      <li>
        <label
          class="_checkbox_qo6px_1"
          for="item34"
        >
          <input
            class="_checkbox__input_qo6px_10"
            id="item34"
            type="checkbox"
            value="35"
          />
          <span
            class="_checkbox__box_qo6px_19 "
          >
            <span
              class="_checkbox__check_qo6px_29"
            />
          </span>
          <span
            class="_checkbox__label_qo6px_40 "
          >
            山口県
          </span>
        </label>
      </li>
      <li>
        <label
          class="_checkbox_qo6px_1"
          for="item35"
        >
          <input
            class="_checkbox__input_qo6px_10"
            id="item35"
            type="checkbox"
            value="36"
          />
          <span
            class="_checkbox__box_qo6px_19 "
          >
            <span
              class="_checkbox__check_qo6px_29"
            />
          </span>
          <span
            class="_checkbox__label_qo6px_40 "
          >
            徳島県
          </span>
        </label>
      </li>
      <li>
        <label
          class="_checkbox_qo6px_1"
          for="item36"
        >
          <input
            class="_checkbox__input_qo6px_10"
            id="item36"
            type="checkbox"
            value="37"
          />
          <span
            class="_checkbox__box_qo6px_19 "
          >
            <span
              class="_checkbox__check_qo6px_29"
            />
          </span>
          <span
            class="_checkbox__label_qo6px_40 "
          >
            香川県
          </span>
        </label>
      </li>
      <li>
        <label
          class="_checkbox_qo6px_1"
          for="item37"
        >
          <input
            class="_checkbox__input_qo6px_10"
            id="item37"
            type="checkbox"
            value="38"
          />
          <span
            class="_checkbox__box_qo6px_19 "
          >
            <span
              class="_checkbox__check_qo6px_29"
            />
          </span>
          <span
            class="_checkbox__label_qo6px_40 "
          >
            愛媛県
          </span>
        </label>
      </li>
      <li>
        <label
          class="_checkbox_qo6px_1"
          for="item38"
        >
          <input
            class="_checkbox__input_qo6px_10"
            id="item38"
            type="checkbox"
            value="39"
          />
          <span
            class="_checkbox__box_qo6px_19 "
          >
            <span
              class="_checkbox__check_qo6px_29"
            />
          </span>
          <span
            class="_checkbox__label_qo6px_40 "
          >
            高知県
          </span>
        </label>
      </li>
      <li>
        <label
          class="_checkbox_qo6px_1"
          for="item39"
        >
          <input
            class="_checkbox__input_qo6px_10"
            id="item39"
            type="checkbox"
            value="40"
          />
          <span
            class="_checkbox__box_qo6px_19 "
          >
            <span
              class="_checkbox__check_qo6px_29"
            />
          </span>
          <span
            class="_checkbox__label_qo6px_40 "
          >
            福岡県
          </span>
        </label>
      </li>
      <li>
        <label
          class="_checkbox_qo6px_1"
          for="item40"
        >
          <input
            class="_checkbox__input_qo6px_10"
            id="item40"
            type="checkbox"
            value="41"
          />
          <span
            class="_checkbox__box_qo6px_19 "
          >
            <span
              class="_checkbox__check_qo6px_29"
            />
          </span>
          <span
            class="_checkbox__label_qo6px_40 "
          >
            佐賀県
          </span>
        </label>
      </li>
      <li>
        <label
          class="_checkbox_qo6px_1"
          for="item41"
        >
          <input
            class="_checkbox__input_qo6px_10"
            id="item41"
            type="checkbox"
            value="42"
          />
          <span
            class="_checkbox__box_qo6px_19 "
          >
            <span
              class="_checkbox__check_qo6px_29"
            />
          </span>
          <span
            class="_checkbox__label_qo6px_40 "
          >
            長崎県
          </span>
        </label>
      </li>
      <li>
        <label
          class="_checkbox_qo6px_1"
          for="item42"
        >
          <input
            class="_checkbox__input_qo6px_10"
            id="item42"
            type="checkbox"
            value="43"
          />
          <span
            class="_checkbox__box_qo6px_19 "
          >
            <span
              class="_checkbox__check_qo6px_29"
            />
          </span>
          <span
            class="_checkbox__label_qo6px_40 "
          >
            熊本県
          </span>
        </label>
      </li>
      <li>
        <label
          class="_checkbox_qo6px_1"
          for="item43"
        >
          <input
            class="_checkbox__input_qo6px_10"
            id="item43"
            type="checkbox"
            value="44"
          />
          <span
            class="_checkbox__box_qo6px_19 "
          >
            <span
              class="_checkbox__check_qo6px_29"
            />
          </span>
          <span
            class="_checkbox__label_qo6px_40 "
          >
            大分県
          </span>
        </label>
      </li>
      <li>
        <label
          class="_checkbox_qo6px_1"
          for="item44"
        >
          <input
            class="_checkbox__input_qo6px_10"
            id="item44"
            type="checkbox"
            value="45"
          />
          <span
            class="_checkbox__box_qo6px_19 "
          >
            <span
              class="_checkbox__check_qo6px_29"
            />
          </span>
          <span
            class="_checkbox__label_qo6px_40 "
          >
            宮崎県
          </span>
        </label>
      </li>
      <li>
        <label
          class="_checkbox_qo6px_1"
          for="item45"
        >
          <input
            class="_checkbox__input_qo6px_10"
            id="item45"
            type="checkbox"
            value="46"
          />
          <span
            class="_checkbox__box_qo6px_19 "
          >
            <span
              class="_checkbox__check_qo6px_29"
            />
          </span>
          <span
            class="_checkbox__label_qo6px_40 "
          >
            鹿児島県
          </span>
        </label>
      </li>
      <li>
        <label
          class="_checkbox_qo6px_1"
          for="item46"
        >
          <input
            class="_checkbox__input_qo6px_10"
            id="item46"
            type="checkbox"
            value="47"
          />
          <span
            class="_checkbox__box_qo6px_19 "
          >
            <span
              class="_checkbox__check_qo6px_29"
            />
          </span>
          <span
            class="_checkbox__label_qo6px_40 "
          >
            沖縄県
          </span>
        </label>
      </li>
    </ul>
  </div>
  <div>
    <div
      class="_error-content_rl669_1"
    >
      読み込みに失敗しました。
      <br />
      更新をお試しください。
    </div>
  </div>
</section>
`;

exports[`snapshots > Readner Loading components 1`] = `
<section
  class="_prefectures-content_4162h_8"
>
  <div
    class="_prefectures-content__controller_4162h_15"
  >
    <h2
      class="_heading_apj7y_1 _heading--size-xl_apj7y_16"
    >
      都道府県
    </h2>
    <ul
      class="_prefectures-selecter_gpygm_1"
    >
      <li>
        <label
          class="_checkbox_qo6px_1"
          for="item0"
        >
          <input
            checked=""
            class="_checkbox__input_qo6px_10"
            id="item0"
            type="checkbox"
            value="1"
          />
          <span
            class="_checkbox__box_qo6px_19 "
            style="background-color: rgb(91, 33, 182); border-color: #5b21b6;"
          >
            <span
              class="_checkbox__check_qo6px_29"
            />
          </span>
          <span
            class="_checkbox__label_qo6px_40 _checkbox__label--checked_qo6px_47"
          >
            北海道
          </span>
        </label>
      </li>
      <li>
        <label
          class="_checkbox_qo6px_1"
          for="item1"
        >
          <input
            class="_checkbox__input_qo6px_10"
            id="item1"
            type="checkbox"
            value="2"
          />
          <span
            class="_checkbox__box_qo6px_19 "
          >
            <span
              class="_checkbox__check_qo6px_29"
            />
          </span>
          <span
            class="_checkbox__label_qo6px_40 "
          >
            青森県
          </span>
        </label>
      </li>
      <li>
        <label
          class="_checkbox_qo6px_1"
          for="item2"
        >
          <input
            class="_checkbox__input_qo6px_10"
            id="item2"
            type="checkbox"
            value="3"
          />
          <span
            class="_checkbox__box_qo6px_19 "
          >
            <span
              class="_checkbox__check_qo6px_29"
            />
          </span>
          <span
            class="_checkbox__label_qo6px_40 "
          >
            岩手県
          </span>
        </label>
      </li>
      <li>
        <label
          class="_checkbox_qo6px_1"
          for="item3"
        >
          <input
            class="_checkbox__input_qo6px_10"
            id="item3"
            type="checkbox"
            value="4"
          />
          <span
            class="_checkbox__box_qo6px_19 "
          >
            <span
              class="_checkbox__check_qo6px_29"
            />
          </span>
          <span
            class="_checkbox__label_qo6px_40 "
          >
            宮城県
          </span>
        </label>
      </li>
      <li>
        <label
          class="_checkbox_qo6px_1"
          for="item4"
        >
          <input
            class="_checkbox__input_qo6px_10"
            id="item4"
            type="checkbox"
            value="5"
          />
          <span
            class="_checkbox__box_qo6px_19 "
          >
            <span
              class="_checkbox__check_qo6px_29"
            />
          </span>
          <span
            class="_checkbox__label_qo6px_40 "
          >
            秋田県
          </span>
        </label>
      </li>
      <li>
        <label
          class="_checkbox_qo6px_1"
          for="item5"
        >
          <input
            class="_checkbox__input_qo6px_10"
            id="item5"
            type="checkbox"
            value="6"
          />
          <span
            class="_checkbox__box_qo6px_19 "
          >
            <span
              class="_checkbox__check_qo6px_29"
            />
          </span>
          <span
            class="_checkbox__label_qo6px_40 "
          >
            山形県
          </span>
        </label>
      </li>
      <li>
        <label
          class="_checkbox_qo6px_1"
          for="item6"
        >
          <input
            class="_checkbox__input_qo6px_10"
            id="item6"
            type="checkbox"
            value="7"
          />
          <span
            class="_checkbox__box_qo6px_19 "
          >
            <span
              class="_checkbox__check_qo6px_29"
            />
          </span>
          <span
            class="_checkbox__label_qo6px_40 "
          >
            福島県
          </span>
        </label>
      </li>
      <li>
        <label
          class="_checkbox_qo6px_1"
          for="item7"
        >
          <input
            class="_checkbox__input_qo6px_10"
            id="item7"
            type="checkbox"
            value="8"
          />
          <span
            class="_checkbox__box_qo6px_19 "
          >
            <span
              class="_checkbox__check_qo6px_29"
            />
          </span>
          <span
            class="_checkbox__label_qo6px_40 "
          >
            茨城県
          </span>
        </label>
      </li>
      <li>
        <label
          class="_checkbox_qo6px_1"
          for="item8"
        >
          <input
            class="_checkbox__input_qo6px_10"
            id="item8"
            type="checkbox"
            value="9"
          />
          <span
            class="_checkbox__box_qo6px_19 "
          >
            <span
              class="_checkbox__check_qo6px_29"
            />
          </span>
          <span
            class="_checkbox__label_qo6px_40 "
          >
            栃木県
          </span>
        </label>
      </li>
      <li>
        <label
          class="_checkbox_qo6px_1"
          for="item9"
        >
          <input
            class="_checkbox__input_qo6px_10"
            id="item9"
            type="checkbox"
            value="10"
          />
          <span
            class="_checkbox__box_qo6px_19 "
          >
            <span
              class="_checkbox__check_qo6px_29"
            />
          </span>
          <span
            class="_checkbox__label_qo6px_40 "
          >
            群馬県
          </span>
        </label>
      </li>
      <li>
        <label
          class="_checkbox_qo6px_1"
          for="item10"
        >
          <input
            class="_checkbox__input_qo6px_10"
            id="item10"
            type="checkbox"
            value="11"
          />
          <span
            class="_checkbox__box_qo6px_19 "
          >
            <span
              class="_checkbox__check_qo6px_29"
            />
          </span>
          <span
            class="_checkbox__label_qo6px_40 "
          >
            埼玉県
          </span>
        </label>
      </li>
      <li>
        <label
          class="_checkbox_qo6px_1"
          for="item11"
        >
          <input
            class="_checkbox__input_qo6px_10"
            id="item11"
            type="checkbox"
            value="12"
          />
          <span
            class="_checkbox__box_qo6px_19 "
          >
            <span
              class="_checkbox__check_qo6px_29"
            />
          </span>
          <span
            class="_checkbox__label_qo6px_40 "
          >
            千葉県
          </span>
        </label>
      </li>
      <li>
        <label
          class="_checkbox_qo6px_1"
          for="item12"
        >
          <input
            class="_checkbox__input_qo6px_10"
            id="item12"
            type="checkbox"
            value="13"
          />
          <span
            class="_checkbox__box_qo6px_19 "
          >
            <span
              class="_checkbox__check_qo6px_29"
            />
          </span>
          <span
            class="_checkbox__label_qo6px_40 "
          >
            東京都
          </span>
        </label>
      </li>
      <li>
        <label
          class="_checkbox_qo6px_1"
          for="item13"
        >
          <input
            class="_checkbox__input_qo6px_10"
            id="item13"
            type="checkbox"
            value="14"
          />
          <span
            class="_checkbox__box_qo6px_19 "
          >
            <span
              class="_checkbox__check_qo6px_29"
            />
          </span>
          <span
            class="_checkbox__label_qo6px_40 "
          >
            神奈川県
          </span>
        </label>
      </li>
      <li>
        <label
          class="_checkbox_qo6px_1"
          for="item14"
        >
          <input
            class="_checkbox__input_qo6px_10"
            id="item14"
            type="checkbox"
            value="15"
          />
          <span
            class="_checkbox__box_qo6px_19 "
          >
            <span
              class="_checkbox__check_qo6px_29"
            />
          </span>
          <span
            class="_checkbox__label_qo6px_40 "
          >
            新潟県
          </span>
        </label>
      </li>
      <li>
        <label
          class="_checkbox_qo6px_1"
          for="item15"
        >
          <input
            class="_checkbox__input_qo6px_10"
            id="item15"
            type="checkbox"
            value="16"
          />
          <span
            class="_checkbox__box_qo6px_19 "
          >
            <span
              class="_checkbox__check_qo6px_29"
            />
          </span>
          <span
            class="_checkbox__label_qo6px_40 "
          >
            富山県
          </span>
        </label>
      </li>
      <li>
        <label
          class="_checkbox_qo6px_1"
          for="item16"
        >
          <input
            class="_checkbox__input_qo6px_10"
            id="item16"
            type="checkbox"
            value="17"
          />
          <span
            class="_checkbox__box_qo6px_19 "
          >
            <span
              class="_checkbox__check_qo6px_29"
            />
          </span>
          <span
            class="_checkbox__label_qo6px_40 "
          >
            石川県
          </span>
        </label>
      </li>
      <li>
        <label
          class="_checkbox_qo6px_1"
          for="item17"
        >
          <input
            class="_checkbox__input_qo6px_10"
            id="item17"
            type="checkbox"
            value="18"
          />
          <span
            class="_checkbox__box_qo6px_19 "
          >
            <span
              class="_checkbox__check_qo6px_29"
            />
          </span>
          <span
            class="_checkbox__label_qo6px_40 "
          >
            福井県
          </span>
        </label>
      </li>
      <li>
        <label
          class="_checkbox_qo6px_1"
          for="item18"
        >
          <input
            class="_checkbox__input_qo6px_10"
            id="item18"
            type="checkbox"
            value="19"
          />
          <span
            class="_checkbox__box_qo6px_19 "
          >
            <span
              class="_checkbox__check_qo6px_29"
            />
          </span>
          <span
            class="_checkbox__label_qo6px_40 "
          >
            山梨県
          </span>
        </label>
      </li>
      <li>
        <label
          class="_checkbox_qo6px_1"
          for="item19"
        >
          <input
            class="_checkbox__input_qo6px_10"
            id="item19"
            type="checkbox"
            value="20"
          />
          <span
            class="_checkbox__box_qo6px_19 "
          >
            <span
              class="_checkbox__check_qo6px_29"
            />
          </span>
          <span
            class="_checkbox__label_qo6px_40 "
          >
            長野県
          </span>
        </label>
      </li>
      <li>
        <label
          class="_checkbox_qo6px_1"
          for="item20"
        >
          <input
            class="_checkbox__input_qo6px_10"
            id="item20"
            type="checkbox"
            value="21"
          />
          <span
            class="_checkbox__box_qo6px_19 "
          >
            <span
              class="_checkbox__check_qo6px_29"
            />
          </span>
          <span
            class="_checkbox__label_qo6px_40 "
          >
            岐阜県
          </span>
        </label>
      </li>
      <li>
        <label
          class="_checkbox_qo6px_1"
          for="item21"
        >
          <input
            class="_checkbox__input_qo6px_10"
            id="item21"
            type="checkbox"
            value="22"
          />
          <span
            class="_checkbox__box_qo6px_19 "
          >
            <span
              class="_checkbox__check_qo6px_29"
            />
          </span>
          <span
            class="_checkbox__label_qo6px_40 "
          >
            静岡県
          </span>
        </label>
      </li>
      <li>
        <label
          class="_checkbox_qo6px_1"
          for="item22"
        >
          <input
            class="_checkbox__input_qo6px_10"
            id="item22"
            type="checkbox"
            value="23"
          />
          <span
            class="_checkbox__box_qo6px_19 "
          >
            <span
              class="_checkbox__check_qo6px_29"
            />
          </span>
          <span
            class="_checkbox__label_qo6px_40 "
          >
            愛知県
          </span>
        </label>
      </li>
      <li>
        <label
          class="_checkbox_qo6px_1"
          for="item23"
        >
          <input
            class="_checkbox__input_qo6px_10"
            id="item23"
            type="checkbox"
            value="24"
          />
          <span
            class="_checkbox__box_qo6px_19 "
          >
            <span
              class="_checkbox__check_qo6px_29"
            />
          </span>
          <span
            class="_checkbox__label_qo6px_40 "
          >
            三重県
          </span>
        </label>
      </li>
      <li>
        <label
          class="_checkbox_qo6px_1"
          for="item24"
        >
          <input
            class="_checkbox__input_qo6px_10"
            id="item24"
            type="checkbox"
            value="25"
          />
          <span
            class="_checkbox__box_qo6px_19 "
          >
            <span
              class="_checkbox__check_qo6px_29"
            />
          </span>
          <span
            class="_checkbox__label_qo6px_40 "
          >
            滋賀県
          </span>
        </label>
      </li>
      <li>
        <label
          class="_checkbox_qo6px_1"
          for="item25"
        >
          <input
            class="_checkbox__input_qo6px_10"
            id="item25"
            type="checkbox"
            value="26"
          />
          <span
            class="_checkbox__box_qo6px_19 "
          >
            <span
              class="_checkbox__check_qo6px_29"
            />
          </span>
          <span
            class="_checkbox__label_qo6px_40 "
          >
            京都府
          </span>
        </label>
      </li>
      <li>
        <label
          class="_checkbox_qo6px_1"
          for="item26"
        >
          <input
            class="_checkbox__input_qo6px_10"
            id="item26"
            type="checkbox"
            value="27"
          />
          <span
            class="_checkbox__box_qo6px_19 "
          >
            <span
              class="_checkbox__check_qo6px_29"
            />
          </span>
          <span
            class="_checkbox__label_qo6px_40 "
          >
            大阪府
          </span>
        </label>
      </li>
      <li>
        <label
          class="_checkbox_qo6px_1"
          for="item27"
        >
          <input
            class="_checkbox__input_qo6px_10"
            id="item27"
            type="checkbox"
            value="28"
          />
          <span
            class="_checkbox__box_qo6px_19 "
          >
            <span
              class="_checkbox__check_qo6px_29"
            />
          </span>
          <span
            class="_checkbox__label_qo6px_40 "
          >
            兵庫県
          </span>
        </label>
      </li>
      <li>
        <label
          class="_checkbox_qo6px_1"
          for="item28"
        >
          <input
            class="_checkbox__input_qo6px_10"
            id="item28"
            type="checkbox"
            value="29"
          />
          <span
            class="_checkbox__box_qo6px_19 "
          >
            <span
              class="_checkbox__check_qo6px_29"
            />
          </span>
          <span
            class="_checkbox__label_qo6px_40 "
          >
            奈良県
          </span>
        </label>
      </li>
      <li>
        <label
          class="_checkbox_qo6px_1"
          for="item29"
        >
          <input
            class="_checkbox__input_qo6px_10"
            id="item29"
            type="checkbox"
            value="30"
          />
          <span
            class="_checkbox__box_qo6px_19 "
          >
            <span
              class="_checkbox__check_qo6px_29"
            />
          </span>
          <span
            class="_checkbox__label_qo6px_40 "
          >
            和歌山県
          </span>
        </label>
      </li>
      <li>
        <label
          class="_checkbox_qo6px_1"
          for="item30"
        >
          <input
            class="_checkbox__input_qo6px_10"
            id="item30"
            type="checkbox"
            value="31"
          />
          <span
            class="_checkbox__box_qo6px_19 "
          >
            <span
              class="_checkbox__check_qo6px_29"
            />
          </span>
          <span
            class="_checkbox__label_qo6px_40 "
          >
            鳥取県
          </span>
        </label>
      </li>
      <li>
        <label
          class="_checkbox_qo6px_1"
          for="item31"
        >
          <input
            class="_checkbox__input_qo6px_10"
            id="item31"
            type="checkbox"
            value="32"
          />
          <span
            class="_checkbox__box_qo6px_19 "
          >
            <span
              class="_checkbox__check_qo6px_29"
            />
          </span>
          <span
            class="_checkbox__label_qo6px_40 "
          >
            島根県
          </span>
        </label>
      </li>
      <li>
        <label
          class="_checkbox_qo6px_1"
          for="item32"
        >
          <input
            class="_checkbox__input_qo6px_10"
            id="item32"
            type="checkbox"
            value="33"
          />
          <span
            class="_checkbox__box_qo6px_19 "
          >
            <span
              class="_checkbox__check_qo6px_29"
            />
          </span>
          <span
            class="_checkbox__label_qo6px_40 "
          >
            岡山県
          </span>
        </label>
      </li>
      <li>
        <label
          class="_checkbox_qo6px_1"
          for="item33"
        >
          <input
            class="_checkbox__input_qo6px_10"
            id="item33"
            type="checkbox"
            value="34"
          />
          <span
            class="_checkbox__box_qo6px_19 "
          >
            <span
              class="_checkbox__check_qo6px_29"
            />
          </span>
          <span
            class="_checkbox__label_qo6px_40 "
          >
            広島県
          </span>
        </label>
      </li>
      <li>
        <label
          class="_checkbox_qo6px_1"
          for="item34"
        >
          <input
            class="_checkbox__input_qo6px_10"
            id="item34"
            type="checkbox"
            value="35"
          />
          <span
            class="_checkbox__box_qo6px_19 "
          >
            <span
              class="_checkbox__check_qo6px_29"
            />
          </span>
          <span
            class="_checkbox__label_qo6px_40 "
          >
            山口県
          </span>
        </label>
      </li>
      <li>
        <label
          class="_checkbox_qo6px_1"
          for="item35"
        >
          <input
            class="_checkbox__input_qo6px_10"
            id="item35"
            type="checkbox"
            value="36"
          />
          <span
            class="_checkbox__box_qo6px_19 "
          >
            <span
              class="_checkbox__check_qo6px_29"
            />
          </span>
          <span
            class="_checkbox__label_qo6px_40 "
          >
            徳島県
          </span>
        </label>
      </li>
      <li>
        <label
          class="_checkbox_qo6px_1"
          for="item36"
        >
          <input
            class="_checkbox__input_qo6px_10"
            id="item36"
            type="checkbox"
            value="37"
          />
          <span
            class="_checkbox__box_qo6px_19 "
          >
            <span
              class="_checkbox__check_qo6px_29"
            />
          </span>
          <span
            class="_checkbox__label_qo6px_40 "
          >
            香川県
          </span>
        </label>
      </li>
      <li>
        <label
          class="_checkbox_qo6px_1"
          for="item37"
        >
          <input
            class="_checkbox__input_qo6px_10"
            id="item37"
            type="checkbox"
            value="38"
          />
          <span
            class="_checkbox__box_qo6px_19 "
          >
            <span
              class="_checkbox__check_qo6px_29"
            />
          </span>
          <span
            class="_checkbox__label_qo6px_40 "
          >
            愛媛県
          </span>
        </label>
      </li>
      <li>
        <label
          class="_checkbox_qo6px_1"
          for="item38"
        >
          <input
            class="_checkbox__input_qo6px_10"
            id="item38"
            type="checkbox"
            value="39"
          />
          <span
            class="_checkbox__box_qo6px_19 "
          >
            <span
              class="_checkbox__check_qo6px_29"
            />
          </span>
          <span
            class="_checkbox__label_qo6px_40 "
          >
            高知県
          </span>
        </label>
      </li>
      <li>
        <label
          class="_checkbox_qo6px_1"
          for="item39"
        >
          <input
            class="_checkbox__input_qo6px_10"
            id="item39"
            type="checkbox"
            value="40"
          />
          <span
            class="_checkbox__box_qo6px_19 "
          >
            <span
              class="_checkbox__check_qo6px_29"
            />
          </span>
          <span
            class="_checkbox__label_qo6px_40 "
          >
            福岡県
          </span>
        </label>
      </li>
      <li>
        <label
          class="_checkbox_qo6px_1"
          for="item40"
        >
          <input
            class="_checkbox__input_qo6px_10"
            id="item40"
            type="checkbox"
            value="41"
          />
          <span
            class="_checkbox__box_qo6px_19 "
          >
            <span
              class="_checkbox__check_qo6px_29"
            />
          </span>
          <span
            class="_checkbox__label_qo6px_40 "
          >
            佐賀県
          </span>
        </label>
      </li>
      <li>
        <label
          class="_checkbox_qo6px_1"
          for="item41"
        >
          <input
            class="_checkbox__input_qo6px_10"
            id="item41"
            type="checkbox"
            value="42"
          />
          <span
            class="_checkbox__box_qo6px_19 "
          >
            <span
              class="_checkbox__check_qo6px_29"
            />
          </span>
          <span
            class="_checkbox__label_qo6px_40 "
          >
            長崎県
          </span>
        </label>
      </li>
      <li>
        <label
          class="_checkbox_qo6px_1"
          for="item42"
        >
          <input
            class="_checkbox__input_qo6px_10"
            id="item42"
            type="checkbox"
            value="43"
          />
          <span
            class="_checkbox__box_qo6px_19 "
          >
            <span
              class="_checkbox__check_qo6px_29"
            />
          </span>
          <span
            class="_checkbox__label_qo6px_40 "
          >
            熊本県
          </span>
        </label>
      </li>
      <li>
        <label
          class="_checkbox_qo6px_1"
          for="item43"
        >
          <input
            class="_checkbox__input_qo6px_10"
            id="item43"
            type="checkbox"
            value="44"
          />
          <span
            class="_checkbox__box_qo6px_19 "
          >
            <span
              class="_checkbox__check_qo6px_29"
            />
          </span>
          <span
            class="_checkbox__label_qo6px_40 "
          >
            大分県
          </span>
        </label>
      </li>
      <li>
        <label
          class="_checkbox_qo6px_1"
          for="item44"
        >
          <input
            class="_checkbox__input_qo6px_10"
            id="item44"
            type="checkbox"
            value="45"
          />
          <span
            class="_checkbox__box_qo6px_19 "
          >
            <span
              class="_checkbox__check_qo6px_29"
            />
          </span>
          <span
            class="_checkbox__label_qo6px_40 "
          >
            宮崎県
          </span>
        </label>
      </li>
      <li>
        <label
          class="_checkbox_qo6px_1"
          for="item45"
        >
          <input
            class="_checkbox__input_qo6px_10"
            id="item45"
            type="checkbox"
            value="46"
          />
          <span
            class="_checkbox__box_qo6px_19 "
          >
            <span
              class="_checkbox__check_qo6px_29"
            />
          </span>
          <span
            class="_checkbox__label_qo6px_40 "
          >
            鹿児島県
          </span>
        </label>
      </li>
      <li>
        <label
          class="_checkbox_qo6px_1"
          for="item46"
        >
          <input
            class="_checkbox__input_qo6px_10"
            id="item46"
            type="checkbox"
            value="47"
          />
          <span
            class="_checkbox__box_qo6px_19 "
          >
            <span
              class="_checkbox__check_qo6px_29"
            />
          </span>
          <span
            class="_checkbox__label_qo6px_40 "
          >
            沖縄県
          </span>
        </label>
      </li>
    </ul>
  </div>
  <div>
    <div
      class="_error-content_rl669_1"
    >
      読み込みに失敗しました。
      <br />
      更新をお試しください。
    </div>
  </div>
</section>
`;
